apiVersion: v1
data: {}
kind: Secret
metadata:
  annotations: {}
  labels:
    name: additional-scrape-configs
  name: additional-scrape-configs
  namespace: syn-rancher-monitoring
stringData:
  prometheus-additional.yaml: "- \"honor_labels\": true\n  \"honor_timestamps\": true\n\
    \  \"job_name\": \"access-prometheus\"\n  \"metric_relabel_configs\":\n  - \"\
    action\": \"labeldrop\"\n    \"regex\": \"prometheus_replica\"\n  - \"action\"\
    : \"replace\"\n    \"source_labels\":\n    - \"namespace\"\n    \"target_label\"\
    : \"__tmp_namespace\"\n  - \"action\": \"labeldrop\"\n    \"regex\": \"namespace\"\
    \n  - \"action\": \"replace\"\n    \"regex\": \"cattle-(prometheus|monitoring-system);(.*)\"\
    \n    \"replacement\": \"$2\"\n    \"source_labels\":\n    - \"__tmp_namespace\"\
    \n    - \"exported_namespace\"\n    \"target_label\": \"namespace\"\n  - \"action\"\
    : \"replace\"\n    \"regex\": \";(.*)\"\n    \"replacement\": \"$1\"\n    \"source_labels\"\
    :\n    - \"exported_namespace\"\n    - \"__tmp_namespace\"\n    \"target_label\"\
    : \"namespace\"\n  - \"action\": \"labeldrop\"\n    \"regex\": \"(__tmp|exported)_namespace\"\
    \n  \"metrics_path\": \"/federate\"\n  \"params\":\n    \"match[]\":\n    - \"\
    {__name__=~\\\"[^:]+\\\",job=\\\"expose-kubelets-metrics\\\",alertname=\\\"\\\"\
    }\"\n    - \"{__name__=~\\\"[^:]+\\\",job=\\\"expose-kubernetes-metrics\\\",alertname=\\\
    \"\\\"}\"\n    - \"{__name__=~\\\"[^:]+\\\",job=\\\"expose-node-metrics\\\",alertname=\\\
    \"\\\"}\"\n    - \"{__name__=~\\\"[^:]+\\\",job=\\\"expose-prometheus-metrics\\\
    \",alertname=\\\"\\\"}\"\n    - \"{__name__=~\\\"[^:]+\\\",job=\\\"kubernetes\\\
    \",alertname=\\\"\\\"}\"\n  \"scheme\": \"http\"\n  \"scrape_interval\": \"10s\"\
    \n  \"scrape_timeout\": \"10s\"\n  \"static_configs\":\n  - \"targets\":\n   \
    \ - \"access-prometheus.cattle-prometheus.svc.cluster.local:80\""
type: Opaque
---
apiVersion: monitoring.coreos.com/v1
kind: PrometheusRule
metadata:
  labels:
    prometheus: platform
    role: alert-rules
  name: rancher-federation
  namespace: syn-rancher-monitoring
spec:
  groups:
    - name: rancher-federation
      rules:
        - alert: rancher_federation_down
          annotations:
            message: Scraping metrics from Rancher cluster monitoring is failing.
          expr: min_over_time(up{job="access-prometheus"}[1m]) == 0
          for: 180s
          labels:
            severity: critical
