apiVersion: v1
data: {}
kind: Secret
metadata:
  annotations: {}
  labels:
    name: additional-scrape-configs
  name: additional-scrape-configs
  namespace: syn-rancher-monitoring
stringData:
  prometheus-additional.yaml: |-
    - "honor_labels": true
      "honor_timestamps": true
      "job_name": "access-prometheus"
      "metric_relabel_configs":
      - "action": "labeldrop"
        "regex": "prometheus_replica"
      - "action": "replace"
        "source_labels":
        - "namespace"
        "target_label": "__tmp_namespace"
      - "action": "labeldrop"
        "regex": "namespace"
      - "action": "replace"
        "regex": "cattle-(prometheus|monitoring-system);(.*)"
        "replacement": "$2"
        "source_labels":
        - "__tmp_namespace"
        - "exported_namespace"
        "target_label": "namespace"
      - "action": "replace"
        "regex": ";(.*)"
        "replacement": "$1"
        "source_labels":
        - "exported_namespace"
        - "__tmp_namespace"
        "target_label": "namespace"
      - "action": "labeldrop"
        "regex": "(__tmp|exported)_namespace"
      "metrics_path": "/federate"
      "params":
        "match[]":
        - "{__name__=~\"[^:]+\",job=\"apiserver\",alertname=\"\"}"
        - "{__name__=~\"[^:]+\",job=\"coredns\",alertname=\"\"}"
        - "{__name__=~\"[^:]+\",job=\"kube-controller-manager\",alertname=\"\"}"
        - "{__name__=~\"[^:]+\",job=\"kube-etcd\",alertname=\"\"}"
        - "{__name__=~\"[^:]+\",job=\"kube-proxy\",alertname=\"\"}"
        - "{__name__=~\"[^:]+\",job=\"kube-scheduler\",alertname=\"\"}"
        - "{__name__=~\"[^:]+\",job=\"kube-state-metrics\",alertname=\"\"}"
        - "{__name__=~\"[^:]+\",job=\"kubelet\",alertname=\"\"}"
        - "{__name__=~\"[^:]+\",job=\"node-exporter\",alertname=\"\"}"
        - "{__name__=~\"[^:]+\",job=\"rancher-monitoring-prometheus\",alertname=\"\"}"
      "scheme": "http"
      "scrape_interval": "10s"
      "scrape_timeout": "10s"
      "static_configs":
      - "targets":
        - "prometheus-operated.cattle-monitoring-system.svc.cluster.local:9090"
type: Opaque
---
apiVersion: monitoring.coreos.com/v1
kind: PrometheusRule
metadata:
  labels:
    prometheus: platform
    role: alert-rules
  name: rancher-federation
  namespace: syn-rancher-monitoring
spec:
  groups:
    - name: rancher-federation
      rules:
        - alert: rancher_federation_down
          annotations:
            message: Scraping metrics from Rancher cluster monitoring is failing.
          expr: min_over_time(up{job="access-prometheus"}[1m]) == 0
          for: 180s
          labels:
            severity: critical
