apiVersion: v1
kind: Namespace
metadata:
  annotations: {}
  labels:
    SYNMonitoring: main
    name: syn-rancher-monitoring
  name: syn-rancher-monitoring
